core_cm0plus.h:741:22:__NVIC_EnableIRQ	16	static
core_cm0plus.h:848:22:__NVIC_SetPriority	24	static
core_cm0plus.h:1053:26:SysTick_Config	16	static
fsl_clock.h:441:20:CLOCK_EnableClock	16	static
fsl_clock.h:452:20:CLOCK_DisableClock	16	static
fsl_clock.h:463:20:CLOCK_Select	16	static
fsl_common.h:460:28:EnableIRQ	16	static
fsl_gpio.h:153:20:GPIO_PinWrite	24	static
fsl_gpio.h:172:24:GPIO_PinRead	24	static
fsl_power.h:121:20:POWER_DisablePD	16	static
Generador.c:66:5:main	40	static
Generador.c:114:6:DAC_config	8	static
Generador.c:132:7:I2C_config	24	static
Generador.c:149:7:LCD_config	8	static
Generador.c:157:7:GPIO_config	8	static
Generador.c:177:7:Encoder_Init	8	static
Generador.c:206:11:Digitos_a_frec	16	static
Generador.c:213:7:Frec_a_digitos	24	static
Generador.c:220:7:PintCallback	32	static
Generador.c:238:7:SwitchCallback	16	static
Generador.c:249:8:DAC0_IRQHandler	8	static
Generador.c:285:8:Actualizar_frec	8	static
Generador.c:321:8:LCD_Print_WF	8	static
Generador.c:329:8:LCD_Print_frec	48	static
Generador.c:340:8:SysTick_Handler	8	static
